{smcl}
{com}{sf}{ul off}{txt}{.-}
      name:  {res}<unnamed>
       {txt}log:  {res}C:\Users\gmoor\Desktop\honors\Regressions\Code\master.smcl
  {txt}log type:  {res}smcl
 {txt}opened on:  {res} 4 Dec 2018, 19:51:06
{txt}
{com}. 
. set more off
{txt}
{com}. 
. cd ../NLSY79ParentData
{err}unable to change to ../NLSY79ParentData
{txt}{search r(170):r(170);}

end of do-file

{search r(170):r(170);}

{com}. ls
{txt}  <dir>  12/04/18 19:51  {res}.                 
{txt}  <dir>  12/04/18 19:51  {res}..                
{txt}   0.0k  12/04/18 19:51  {res}master.smcl       
{txt}   1.3k  12/04/18 19:50  {res}regs.do           

{com}. cd..
{err}unrecognized command:  cd.. invalid command name
{txt}{search r(199):r(199);}

{com}. cd .
{res}C:\Users\gmoor\Desktop\honors\Regressions\Code

{com}. 
. cd ..
{res}C:\Users\gmoor\Desktop\honors\Regressions

{com}. cd ..
{res}C:\Users\gmoor\Desktop\honors

{com}. cd Master
{res}C:\Users\gmoor\Desktop\honors\Master

{com}. do Master
{txt}
{com}. capture log close
{smcl}
{com}{sf}{ul off}